lanai_ads610x_0.json
lahai_aw963xx_0_sar_register_kirby.json
lahai_aw963xx_0_sar_register_lapis.json
lanai_bu52053nvx_0_kirby.json
lanai_bu52053nvx_0_lapis.json
lanai_icm4x6xx_0_kirby.json
lanai_icm4x6xx_0_lapis.json
lanai_lsm6dso_kirby.json
lanai_lsm6dso_lapis.json
lahai_aw963xx_0.json
lahai_stk3a5x_0.json
lahai_qmc630x_0.json
lahai_mmc56x3x_0.json
lanai_tcs3408_0.json
lanai_bmi3x0_0.json
lanai_lsm6dso.json
lanai_bu52053nvx_0.json
lanai_default_sensors.json
lanai_dynamic_sensors.json
lanai_dynamic_sensors_template.json
lanai_fcal_ak991x_0.json
lanai_hdk_ak991x_0.json
lanai_hdk_lsm6dsv_0.json
lanai_hdk_lsm6dsv_1.json
lanai_irq.json
lanai_lsm6dsv_0.json
lanai_lsm6dsv_1.json
lanai_mtp_ak991x_0.json
lanai_mtp_lsm6dsv_0.json
lanai_mtp_lsm6dsv_1.json
lanai_power_0.json
lanai_qrd_ak991x_0.json
lanai_qrd_lsm6dsv_0.json
lanai_qrd_tmd2755_0.json
lanai_qrdv2_ak991x_0.json
lanai_sht4x_0.json
lanai_vertigo_ak991x_0.json
lanai_vertigo_lsm6dsv_0.json
lanai_vertigo_lsm6dsv_1.json
qsh_camera_common.json
qsh_camera_imx688_4.json
qsh_camera_imx688_4_sm8635.json
qsh_camera_imx688_6.json
qsh_camera_imx688_6_actuator.json
sns_amd.json
sns_amd_sw_disabled.json
sns_amd_sw_enabled.json
sns_aont.json
sns_basic_gestures.json
sns_bring_to_ear.json
sns_ccd_v1_0_amd.json
sns_ccd_v1_0_ttw.json
sns_ccd_v2_0_walk.json
sns_ccd_v3_0_walk.json
sns_ccd_v3_1_walk.json
sns_ccd_v4_0_sensors.json
sns_ccd_v4_0_te_cd_regs.json
sns_ccd_v5.json
sns_ccd_v5_0_te_cd_regs.json
sns_ccd_v5_1_te_cd_regs.json
sns_cm.json
sns_dae.json
sns_device_orient.json
sns_diag_filter.json
sns_direct_channel.json
sns_distance_bound.json
sns_dpc.json
sns_facing.json
sns_flight_md.json
sns_fmv.json
sns_fmv_legacy.json
sns_gyro_cal.json
sns_heart_rate.json
sns_mag_cal.json
sns_mag_cal_legacy.json
sns_multishake.json
sns_offbody_detect_phone.json
sns_pedometer.json
sns_presence_detect.json
sns_psd_disable.json
sns_psd_enable.json
sns_rmd.json
sns_rotv.json
sns_smd.json
sns_tilt.json
sns_tilt_sw_disabled.json
sns_tilt_sw_enabled.json
sns_tilt_to_wake.json
sns_transport_ppe.json
sns_wrist_pedo.json
qsh_ble.json
lanai_qsh_ble_0.json
